127.0.0.1 - - [06/Feb/2020:09:26:57 +0530] "GET / HTTP/1.1" 404 709
0:0:0:0:0:0:0:1 - - [06/Feb/2020:09:26:58 +0530] "GET /webproject/index.html HTTP/1.1" 200 356
0:0:0:0:0:0:0:1 - - [06/Feb/2020:09:28:57 +0530] "GET /webproject/loginServlet1?login=admin&passwd=admin HTTP/1.1" 404 737
0:0:0:0:0:0:0:1 - - [06/Feb/2020:09:29:06 +0530] "GET /webproject/LoginServlet1 HTTP/1.1" 200 -
0:0:0:0:0:0:0:1 - - [06/Feb/2020:09:29:39 +0530] "GET /webproject/index.html HTTP/1.1" 304 -
0:0:0:0:0:0:0:1 - - [06/Feb/2020:09:30:05 +0530] "GET /webproject/loginServlet1?login=admin&passwd=admin HTTP/1.1" 404 737
127.0.0.1 - - [06/Feb/2020:09:30:26 +0530] "GET / HTTP/1.1" 404 709
0:0:0:0:0:0:0:1 - - [06/Feb/2020:09:30:32 +0530] "GET /webproject/loginServlet1?login=admin&passwd=admin HTTP/1.1" 404 737
127.0.0.1 - - [06/Feb/2020:09:30:51 +0530] "GET / HTTP/1.1" 404 709
127.0.0.1 - - [06/Feb/2020:09:33:51 +0530] "GET / HTTP/1.1" 404 709
0:0:0:0:0:0:0:1 - - [06/Feb/2020:09:33:52 +0530] "GET /webproject/index.html HTTP/1.1" 304 -
0:0:0:0:0:0:0:1 - - [06/Feb/2020:09:33:59 +0530] "GET /webproject/loginServlet1?login=admin&passwd=admin HTTP/1.1" 404 737
0:0:0:0:0:0:0:1 - - [06/Feb/2020:09:35:05 +0530] "GET /webproject/index.html HTTP/1.1" 200 356
0:0:0:0:0:0:0:1 - - [06/Feb/2020:09:35:12 +0530] "GET /webproject/LoginServlet1?login=admin&passwd=admin HTTP/1.1" 200 33
0:0:0:0:0:0:0:1 - - [06/Feb/2020:09:35:58 +0530] "GET /webproject/LoginServlet1?login=admin&passwd=cts1234 HTTP/1.1" 200 33
0:0:0:0:0:0:0:1 - - [06/Feb/2020:09:36:06 +0530] "GET /webproject/LoginServlet1?login=admin&passwd=1234 HTTP/1.1" 200 38
0:0:0:0:0:0:0:1 - - [06/Feb/2020:09:36:24 +0530] "GET /webproject/LoginServlet1?login=admin&passwd=1234 HTTP/1.1" 200 38
0:0:0:0:0:0:0:1 - - [06/Feb/2020:10:01:28 +0530] "GET /webproject/register.html HTTP/1.1" 200 743
0:0:0:0:0:0:0:1 - - [06/Feb/2020:10:02:02 +0530] "GET /webproject/register.html HTTP/1.1" 200 748
0:0:0:0:0:0:0:1 - - [06/Feb/2020:10:03:16 +0530] "GET /webproject/register.html HTTP/1.1" 304 -
0:0:0:0:0:0:0:1 - - [06/Feb/2020:10:03:56 +0530] "GET /webproject/register.html HTTP/1.1" 200 754
0:0:0:0:0:0:0:1 - - [06/Feb/2020:10:05:13 +0530] "GET /webproject/register.html HTTP/1.1" 200 748
0:0:0:0:0:0:0:1 - - [06/Feb/2020:10:10:19 +0530] "GET /webproject/register.html HTTP/1.1" 304 -
0:0:0:0:0:0:0:1 - - [06/Feb/2020:10:11:38 +0530] "GET /webproject/register.html HTTP/1.1" 200 705
127.0.0.1 - - [06/Feb/2020:10:25:04 +0530] "GET / HTTP/1.1" 404 709
0:0:0:0:0:0:0:1 - - [06/Feb/2020:10:25:04 +0530] "GET /webproject/register.html HTTP/1.1" 304 -
127.0.0.1 - - [06/Feb/2020:10:29:13 +0530] "GET / HTTP/1.1" 404 709
127.0.0.1 - - [06/Feb/2020:10:30:47 +0530] "GET / HTTP/1.1" 404 709
0:0:0:0:0:0:0:1 - - [06/Feb/2020:10:30:47 +0530] "GET /webproject/register.html HTTP/1.1" 200 755
0:0:0:0:0:0:0:1 - - [06/Feb/2020:10:32:35 +0530] "GET /webproject/register.html HTTP/1.1" 200 787
127.0.0.1 - - [06/Feb/2020:10:33:03 +0530] "GET / HTTP/1.1" 404 709
0:0:0:0:0:0:0:1 - - [06/Feb/2020:10:34:03 +0530] "GET /webproject/register.html HTTP/1.1" 304 -
0:0:0:0:0:0:0:1 - - [06/Feb/2020:10:35:03 +0530] "GET /webproject/register.html HTTP/1.1" 200 781
0:0:0:0:0:0:0:1 - - [06/Feb/2020:10:36:01 +0530] "GET /webproject/register.html HTTP/1.1" 200 775
0:0:0:0:0:0:0:1 - - [06/Feb/2020:10:37:03 +0530] "GET /webproject/RegisterServlet?name=Hulash&dept=It&desg=manager&comp=cts&mobile=8961861720&email=hulash@gmail.com&Register=Submit+Query HTTP/1.1" 200 58
127.0.0.1 - - [06/Feb/2020:10:51:28 +0530] "GET / HTTP/1.1" 404 709
0:0:0:0:0:0:0:1 - - [06/Feb/2020:10:51:29 +0530] "GET /webproject/search.html HTTP/1.1" 200 294
127.0.0.1 - - [06/Feb/2020:10:54:45 +0530] "GET / HTTP/1.1" 404 709
0:0:0:0:0:0:0:1 - - [06/Feb/2020:10:54:46 +0530] "GET /webproject/search.html HTTP/1.1" 304 -
0:0:0:0:0:0:0:1 - - [06/Feb/2020:10:54:53 +0530] "GET /webproject/SearchServlet?name=Hulash&Search=Submit+Query HTTP/1.1" 200 63
127.0.0.1 - - [06/Feb/2020:10:55:34 +0530] "GET / HTTP/1.1" 404 709
0:0:0:0:0:0:0:1 - - [06/Feb/2020:10:55:35 +0530] "GET /webproject/SearchServlet HTTP/1.1" 200 36
0:0:0:0:0:0:0:1 - - [06/Feb/2020:10:55:45 +0530] "GET /webproject/search.html HTTP/1.1" 304 -
0:0:0:0:0:0:0:1 - - [06/Feb/2020:10:55:51 +0530] "GET /webproject/SearchServlet?name=Hulash&Search=Submit+Query HTTP/1.1" 200 35
0:0:0:0:0:0:0:1 - - [06/Feb/2020:10:56:50 +0530] "GET /webproject/register.html HTTP/1.1" 304 -
0:0:0:0:0:0:0:1 - - [06/Feb/2020:10:57:26 +0530] "GET /webproject/RegisterServlet?name=swaroop&dept=cse&desg=manager1&comp=tcs&mobile=789456130&email=swaroop@gmail.com&Register=Submit+Query HTTP/1.1" 200 58
0:0:0:0:0:0:0:1 - - [06/Feb/2020:10:57:35 +0530] "GET /webproject/search.html HTTP/1.1" 304 -
0:0:0:0:0:0:0:1 - - [06/Feb/2020:10:57:44 +0530] "GET /webproject/SearchServlet?name=Swaroop&Search=Submit+Query HTTP/1.1" 200 37
0:0:0:0:0:0:0:1 - - [06/Feb/2020:10:58:40 +0530] "GET /webproject/RegisterServlet?name=manish&dept=ajvhjg&desg=dcsf&comp=fvev&mobile=fvcdf&email=fvdf&Register=Submit+Query HTTP/1.1" 200 58
127.0.0.1 - - [06/Feb/2020:11:07:50 +0530] "GET / HTTP/1.1" 404 709
0:0:0:0:0:0:0:1 - - [06/Feb/2020:11:07:50 +0530] "GET /webproject/search.html HTTP/1.1" 304 -
0:0:0:0:0:0:0:1 - - [06/Feb/2020:11:07:58 +0530] "GET /webproject/SearchServlet?name=swaroop&Search=Submit+Query HTTP/1.1" 200 37
0:0:0:0:0:0:0:1 - - [06/Feb/2020:11:26:14 +0530] "GET /webproject/search.html HTTP/1.1" 304 -
0:0:0:0:0:0:0:1 - - [06/Feb/2020:11:26:19 +0530] "GET /webproject/SearchServlet?name=manish&Search=Submit+Query HTTP/1.1" 200 32
0:0:0:0:0:0:0:1 - - [06/Feb/2020:11:26:33 +0530] "GET /webproject/register.html HTTP/1.1" 304 -
0:0:0:0:0:0:0:1 - - [06/Feb/2020:11:26:52 +0530] "GET /webproject/RegisterServlet?name=akash&dept=a&desg=s&comp=d&mobile=f&email=g&Register=Submit+Query HTTP/1.1" 200 58
0:0:0:0:0:0:0:1 - - [06/Feb/2020:11:27:08 +0530] "GET /webproject/SearchServlet?name=akash&Search=Submit+Query HTTP/1.1" 200 28
127.0.0.1 - - [06/Feb/2020:11:28:58 +0530] "GET / HTTP/1.1" 404 709
0:0:0:0:0:0:0:1 - - [06/Feb/2020:11:29:17 +0530] "GET /webproject/RegisterServlet?name=1&dept=2&desg=3&comp=4&mobile=5&email=6&Register=Submit+Query HTTP/1.1" 200 58
0:0:0:0:0:0:0:1 - - [06/Feb/2020:11:29:28 +0530] "GET /webproject/SearchServlet?name=1&Search=Submit+Query HTTP/1.1" 200 21
127.0.0.1 - - [06/Feb/2020:12:17:43 +0530] "GET / HTTP/1.1" 404 709
0:0:0:0:0:0:0:1 - - [06/Feb/2020:12:17:43 +0530] "GET /ServExample/Serv1 HTTP/1.1" 200 21
0:0:0:0:0:0:0:1 - - [06/Feb/2020:12:18:01 +0530] "GET /ServExample/Serv2 HTTP/1.1" 200 21
127.0.0.1 - - [06/Feb/2020:12:18:23 +0530] "GET / HTTP/1.1" 404 709
127.0.0.1 - - [06/Feb/2020:12:19:00 +0530] "GET / HTTP/1.1" 404 709
0:0:0:0:0:0:0:1 - - [06/Feb/2020:12:19:00 +0530] "GET /ServExample/Serv2 HTTP/1.1" 200 25
127.0.0.1 - - [06/Feb/2020:12:19:31 +0530] "GET / HTTP/1.1" 404 709
0:0:0:0:0:0:0:1 - - [06/Feb/2020:12:19:31 +0530] "GET /ServExample/Serv1 HTTP/1.1" 200 93
127.0.0.1 - - [06/Feb/2020:12:20:24 +0530] "GET / HTTP/1.1" 404 709
0:0:0:0:0:0:0:1 - - [06/Feb/2020:12:20:25 +0530] "GET /ServExample/Serv1 HTTP/1.1" 200 25
127.0.0.1 - - [06/Feb/2020:12:40:10 +0530] "GET / HTTP/1.1" 404 709
0:0:0:0:0:0:0:1 - - [06/Feb/2020:12:40:10 +0530] "GET /webapp1/Serv1 HTTP/1.1" 404 722
127.0.0.1 - - [06/Feb/2020:12:44:14 +0530] "GET / HTTP/1.1" 404 709
0:0:0:0:0:0:0:1 - - [06/Feb/2020:12:44:14 +0530] "GET /webapp1/Serv1 HTTP/1.1" 404 722
0:0:0:0:0:0:0:1 - - [06/Feb/2020:12:44:51 +0530] "GET /webapp1/Serv1 HTTP/1.1" 404 722
127.0.0.1 - - [06/Feb/2020:12:45:17 +0530] "GET / HTTP/1.1" 404 709
0:0:0:0:0:0:0:1 - - [06/Feb/2020:12:45:52 +0530] "GET /webapp1/Serv1 HTTP/1.1" 404 722
127.0.0.1 - - [06/Feb/2020:12:47:09 +0530] "GET / HTTP/1.1" 404 709
0:0:0:0:0:0:0:1 - - [06/Feb/2020:12:47:09 +0530] "GET /webapp1/Serv1 HTTP/1.1" 500 35
127.0.0.1 - - [06/Feb/2020:15:39:15 +0530] "GET / HTTP/1.1" 404 709
0:0:0:0:0:0:0:1 - - [06/Feb/2020:15:39:16 +0530] "GET /ChainServlet/index.html HTTP/1.1" 200 542
127.0.0.1 - - [06/Feb/2020:17:48:57 +0530] "GET / HTTP/1.1" 404 709
0:0:0:0:0:0:0:1 - - [06/Feb/2020:17:50:09 +0530] "GET /ChainServlet/index.html HTTP/1.1" 200 536
0:0:0:0:0:0:0:1 - - [06/Feb/2020:17:50:25 +0530] "GET /ChainServlet/Server1?name=hulash&dept=it&desg=ceo&Register=Submit+Query HTTP/1.1" 404 733
0:0:0:0:0:0:0:1 - - [06/Feb/2020:17:52:00 +0530] "GET /ChainServlet/Server1?name=cgjsgc&dept=sdcs&desg=scfd&Register=Submit+Query HTTP/1.1" 404 733
0:0:0:0:0:0:0:1 - - [06/Feb/2020:17:52:46 +0530] "GET /ChainServlet/Server1?name=cgjsgc&dept=sdcs&desg=scfd&Register=Submit+Query HTTP/1.1" 404 733
0:0:0:0:0:0:0:1 - - [06/Feb/2020:17:52:47 +0530] "GET /ChainServlet/Server1?name=cgjsgc&dept=sdcs&desg=scfd&Register=Submit+Query HTTP/1.1" 404 733
0:0:0:0:0:0:0:1 - - [06/Feb/2020:17:52:48 +0530] "GET /ChainServlet/Server1?name=cgjsgc&dept=sdcs&desg=scfd&Register=Submit+Query HTTP/1.1" 404 733
0:0:0:0:0:0:0:1 - - [06/Feb/2020:17:52:48 +0530] "GET /ChainServlet/Server1?name=cgjsgc&dept=sdcs&desg=scfd&Register=Submit+Query HTTP/1.1" 404 733
0:0:0:0:0:0:0:1 - - [06/Feb/2020:17:52:48 +0530] "GET /ChainServlet/Server1?name=cgjsgc&dept=sdcs&desg=scfd&Register=Submit+Query HTTP/1.1" 404 733
127.0.0.1 - - [06/Feb/2020:17:53:06 +0530] "GET / HTTP/1.1" 404 709
0:0:0:0:0:0:0:1 - - [06/Feb/2020:17:53:13 +0530] "GET /ChainServlet/Server1?name=dcs&dept=sfc&desg=sdfc&Register=Submit+Query HTTP/1.1" 404 733
127.0.0.1 - - [06/Feb/2020:17:54:40 +0530] "GET / HTTP/1.1" 404 709
0:0:0:0:0:0:0:1 - - [06/Feb/2020:17:54:47 +0530] "GET /ChainServlet/Server1?name=aysdguy&dept=aygd&desg=gduy&Register=Submit+Query HTTP/1.1" 404 733
127.0.0.1 - - [06/Feb/2020:17:56:41 +0530] "GET / HTTP/1.1" 404 709
0:0:0:0:0:0:0:1 - - [06/Feb/2020:17:56:50 +0530] "GET /ChainServlet/Server1?name=adcf&dept=sfcas&desg=sfcs&Register=Submit+Query HTTP/1.1" 404 733
